// Jest Snapshot v1, https://goo.gl/fbAQLP

exports[`renders homepage unchanged 1`] = `
<div>
  <div
    class="container"
  >
    <main>
      <div
        class="game"
      >
        <div
          class="game-board"
        >
          <div>
            <div
              class="board-row"
            >
              <button
                class="square"
              />
              <button
                class="square"
              />
              <button
                class="square"
              />
            </div>
            <div
              class="board-row"
            >
              <button
                class="square"
              />
              <button
                class="square"
              />
              <button
                class="square"
              />
            </div>
            <div
              class="board-row"
            >
              <button
                class="square"
              />
              <button
                class="square"
              />
              <button
                class="square"
              />
            </div>
          </div>
        </div>
        <div
          class="game-info"
        >
          <div>
            Next player: X
          </div>
          <ol>
            <li>
              <button>
                Go to game start
              </button>
            </li>
          </ol>
        </div>
      </div>
    </main>
    <footer
      class="footer"
    >
      <a
        href="https://vercel.com?utm_source=create-next-app&utm_medium=default-template&utm_campaign=create-next-app"
        rel="noopener noreferrer"
        target="_blank"
      >
        Powered by
         
        <span
          class="logo"
        >
          <img
            alt="Vercel Logo"
            data-nimg="1"
            decoding="async"
            height="16"
            loading="lazy"
            src="/vercel.svg"
            srcset="/vercel.svg 1x, /vercel.svg 2x"
            style="color: transparent;"
            width="72"
          />
        </span>
      </a>
    </footer>
  </div>
</div>
`;
